// Jest Snapshot v1, https://goo.gl/fbAQLP

exports[`src/app/App should match snapshot 1`] = `ShallowWrapper {}`;
