// Jest Snapshot v1, https://goo.gl/fbAQLP

exports[`src/menu/components MenuComponent rendering should render the form 1`] = `
<div>
  <h1>
    Menu
  </h1>
</div>
`;
